=== L2 终端库存价值函数（一次 Bellman 回代）===
  v_E(linear)=0.4126  分段边际=[0.479  0.4781 0.4773 0.4759 0.4748 0.4744 0.4722 0.4347]  4.8s
=== 情景数（SAA）收敛研究 ===
  S= 3 cost=453,154.1 1.2s
  S= 5 cost=455,058.7 1.9s
  S= 8 cost=449,393.1 3.0s
  S=12 cost=450,359.0 4.0s
  S=16 cost=450,290.5 4.0s
  S=20 cost=450,290.5 4.0s
  S=27 cost=450,290.5 4.0s
=== L3 参数寻优（GA / DE / SA + Nelder-Mead 精修），n_scen=12 ===
  [GA] gen=0 evals=16 best=407,338.9 mean=415,392.2
  [GA] gen=1 evals=32 best=407,338.9 mean=411,874.9
  [GA] gen=2 evals=48 best=407,338.9 mean=410,363.0
  [GA] gen=3 evals=64 best=407,338.9 mean=408,931.7
  [GA] gen=4 evals=80 best=406,509.3 mean=407,622.7
  [GA] gen=5 evals=96 best=406,407.5 mean=407,695.2
  [GA] gen=6 evals=112 best=406,407.5 mean=407,273.3
  [GA] gen=7 evals=128 best=406,290.0 mean=407,025.9
  [GA] gen=8 evals=144 best=406,267.4 mean=407,196.7
  [GA] gen=9 evals=160 best=406,042.4 mean=406,792.5
  GA best=406,042.4 x=[  0.4028   0.7134   0.9905 288.7578   1.2178]
  [DE] gen=0 evals=16 best=407,903.6
  [DE] gen=1 evals=32 best=407,889.8
  [DE] gen=2 evals=48 best=407,528.3
  [DE] gen=3 evals=64 best=407,077.6
  [DE] gen=4 evals=80 best=406,456.6
  [DE] gen=5 evals=96 best=406,456.6
  [DE] gen=6 evals=112 best=406,445.4
  [DE] gen=7 evals=128 best=406,445.4
  [DE] gen=8 evals=144 best=406,374.6
  [DE] gen=9 evals=160 best=406,374.6
  DE best=406,374.6 x=[  0.       0.6758   1.0857 500.       1.2342]
  [SA] step=0 evals=8 best=408,320.4 T=1.000
  [SA] step=1 evals=16 best=408,200.2 T=0.850
  [SA] step=2 evals=24 best=408,200.2 T=0.722
  [SA] step=3 evals=32 best=408,200.2 T=0.614
  [SA] step=4 evals=40 best=408,200.2 T=0.522
  [SA] step=5 evals=48 best=408,200.2 T=0.444
  [SA] step=6 evals=56 best=408,029.4 T=0.377
  [SA] step=7 evals=64 best=407,483.6 T=0.321
  [SA] step=8 evals=72 best=407,314.3 T=0.272
  [SA] step=9 evals=80 best=407,314.3 T=0.232
  [SA] step=10 evals=88 best=406,796.9 T=0.197
  [SA] step=11 evals=96 best=406,796.9 T=0.167
  SA best=406,796.9 x=[  0.5193   0.7236   1.0257 433.8417   1.4492]
  [NM] it=0 evals=6 best=406,042.4
  [NM] it=5 evals=21 best=406,042.4
  [NM] it=10 evals=28 best=405,922.0
  [NM] it=15 evals=35 best=405,922.0
  [NM] it=20 evals=43 best=405,898.8
  [NM] it=25 evals=51 best=405,898.8
  [NM] it=30 evals=63 best=405,898.8
  NM best=405,891.7 x=[  0.4352   0.741    0.9957 295.4265   1.1798]
SELECTED Policy(n_scen=12, temper=0.435229426955451, shrink=0.7409932193971669, tail_relax=1.0, cvar_beta=0.0, cvar_alpha=0.9, kappa=0.9957343893583777, threshold=295.4264540278165, adj_premium=1.1798327534617428)
=== 样本外全年回测 2025-02-01 — 12-31 ===
  A0 LP-MPC（改进版基线·分位法）: adj=13,386,165.0 emg=65,262 22.7s
  A1 分位法 + 分段线性终端价值（只加 L2）: adj=13,389,670.3 emg=52,037 13.3s
  A2 情景随机 LP + 常数终端价值（只加 L1）: adj=13,308,751.8 emg=62,862 252.9s
  A3 HYBRID-4L（完整融合）: adj=13,307,895.3 emg=54,734 254.4s
  A4 HYBRID 不做日内更新（仅 0:00）: adj=15,129,809.9 emg=427,878 63.0s
 month     baseline       hybrid        saving  saving_percent
     2 1.204339e+06 1.192975e+06  11363.794437        0.943571
     3 1.103509e+06 1.102180e+06   1329.673782        0.120495
     4 9.170421e+05 9.122004e+05   4841.690953        0.527968
     5 9.603807e+05 9.715127e+05 -11131.989598       -1.159123
     6 1.290081e+06 1.263436e+06  26644.549417        2.065340
     7 1.482185e+06 1.498038e+06 -15853.890260       -1.069630
     8 1.265009e+06 1.250768e+06  14240.325163        1.125710
     9 1.130037e+06 1.116819e+06  13218.483757        1.169739
    10 1.120450e+06 1.118784e+06   1666.114839        0.148701
    11 1.252299e+06 1.241917e+06  10381.636384        0.829006
    12 1.660834e+06 1.639265e+06  21569.299195        1.298703
=== L4 NSGA-II 成本—CVaR Pareto ===
  [NSGA2] gen=0 front0=1 best_f1=415,073
  [NSGA2] gen=1 front0=1 best_f1=410,821
  [NSGA2] gen=2 front0=1 best_f1=410,753
  [NSGA2] gen=3 front0=2 best_f1=409,244
  [NSGA2] gen=4 front0=1 best_f1=408,015
  [NSGA2] gen=5 front0=1 best_f1=406,837
  [NSGA2] gen=6 front0=1 best_f1=406,458
  [NSGA2] gen=7 front0=2 best_f1=406,458
  前沿 5 解，用时 1144.7s；样本外评估其中最多 5 个代表解
  beta=0.00 -> OOS adj=13,303,144.0 CVaR95=63,229.6
  beta=0.00 -> OOS adj=13,303,144.0 CVaR95=63,229.6
  beta=0.00 -> OOS adj=13,303,144.0 CVaR95=63,229.6
  beta=0.00 -> OOS adj=13,303,144.0 CVaR95=63,229.6
  beta=0.00 -> OOS adj=13,303,144.0 CVaR95=63,229.6
=== 全部完成，用时 133.9 分钟 ===
