=== GA 调参规则型策略（校准窗口 1/8—1/31，早于评价期）===
  GA gen=0 best=1,366,657.9 mean=1,655,896.4
  GA gen=10 best=1,361,768.0 mean=1,445,537.6
  GA gen=20 best=1,361,768.0 mean=1,437,488.3
  GA gen=30 best=1,355,165.5 mean=1,433,950.2
GA 规则调参完成 theta={'qlo': 0.08268634494666392, 'qhi': 0.8581206733739504, 'soc_hi': 0.863860882427071, 'soc_lo': 0.41789567405229605, 'c_rate': 0.9985813087701504, 'd_rate': 0.5319777213378695} cost=1,348,891.9 用时 36.0s
=== L1 日前计划单阶段最优性对比 ===
L1 day 2025-02-10 done
L1 day 2025-03-18 done
L1 day 2025-04-23 done
L1 day 2025-05-29 done
L1 day 2025-07-04 done
L1 day 2025-08-09 done
L1 day 2025-09-14 done
L1 day 2025-10-20 done
L1 day 2025-11-25 done
L1 day 2025-12-31 done
=== L2 全年滚动策略对比 ===
L2 LP-MPC（基准·精确）: total=13,386,086 elapsed=8.3s
L2 DP-MPC（SOC离散）: total=13,508,496 elapsed=27.4s
L2 RULE（手工阈值）: total=21,297,068 elapsed=0.3s
L2 RULE（GA调参）: total=15,029,237 elapsed=0.3s
L2 LP（不更新，仅0:00计划）: total=14,865,248 elapsed=1.2s
L2 RULE（不更新，仅0:00计划）: total=15,909,816 elapsed=0.1s
=== L3a 成本—风险 Pareto（风险分位谱）===
  alpha0=0.45 cost=13,447,654 CVaR95=64,028.1
  alpha0=0.55 cost=13,394,423 CVaR95=63,713.6
  alpha0=0.6 cost=13,386,165 CVaR95=63,667.8
  alpha0=0.7 cost=13,411,665 CVaR95=63,684.1
  alpha0=0.8 cost=13,530,341 CVaR95=63,960.6
  alpha0=0.9 cost=13,781,175 CVaR95=64,629.8
  alpha0=0.95 cost=14,009,222 CVaR95=65,147.7
=== L3b 成本—寿命 Pareto（NSGA-II）===
  NSGA-II gen=0 front0=5 best_cost=1,398,146
  NSGA-II gen=5 front0=8 best_cost=1,371,868
  NSGA-II gen=10 front0=12 best_cost=1,371,521
NSGA-II 完成 front=11 用时 7.0s
=== 全部完成，用时 128.6 秒 ===
