COMMAND: /usr/bin/python3 第四问_Q4三项专项改进_v1/code/run_q4_causality_expanded.py --workers 6 --days 48

causality days:   0%|          | 0/56 [00:00<?, ?day/s]
causality days:   2%|▏         | 1/56 [00:07<06:45,  7.38s/day]
causality days:   9%|▉         | 5/56 [00:07<00:58,  1.14s/day]
causality days:  12%|█▎        | 7/56 [00:12<01:21,  1.66s/day]
causality days:  14%|█▍        | 8/56 [00:12<01:04,  1.34s/day]
causality days:  20%|█▉        | 11/56 [00:12<00:32,  1.37day/s]
causality days:  21%|██▏       | 12/56 [00:13<00:27,  1.58day/s]
causality days:  23%|██▎       | 13/56 [00:17<01:02,  1.46s/day]
causality days:  25%|██▌       | 14/56 [00:18<00:50,  1.21s/day]
causality days:  29%|██▊       | 16/56 [00:18<00:31,  1.26day/s]
causality days:  30%|███       | 17/56 [00:18<00:26,  1.46day/s]
causality days:  34%|███▍      | 19/56 [00:24<00:55,  1.49s/day]
causality days:  38%|███▊      | 21/56 [00:24<00:34,  1.01day/s]
causality days:  39%|███▉      | 22/56 [00:24<00:28,  1.17day/s]
causality days:  41%|████      | 23/56 [00:24<00:22,  1.45day/s]
causality days:  43%|████▎     | 24/56 [00:25<00:18,  1.72day/s]
causality days:  45%|████▍     | 25/56 [00:29<00:50,  1.64s/day]
causality days:  46%|████▋     | 26/56 [00:30<00:39,  1.32s/day]
causality days:  50%|█████     | 28/56 [00:30<00:23,  1.19day/s]
causality days:  52%|█████▏    | 29/56 [00:30<00:17,  1.51day/s]
causality days:  54%|█████▎    | 30/56 [00:30<00:14,  1.84day/s]
causality days:  55%|█████▌    | 31/56 [00:35<00:41,  1.64s/day]
causality days:  57%|█████▋    | 32/56 [00:36<00:33,  1.39s/day]
causality days:  59%|█████▉    | 33/56 [00:36<00:24,  1.05s/day]
causality days:  61%|██████    | 34/56 [00:36<00:17,  1.26day/s]
causality days:  64%|██████▍   | 36/56 [00:36<00:09,  2.17day/s]
causality days:  66%|██████▌   | 37/56 [00:41<00:29,  1.56s/day]
causality days:  68%|██████▊   | 38/56 [00:42<00:23,  1.29s/day]
causality days:  71%|███████▏  | 40/56 [00:42<00:13,  1.22day/s]
causality days:  77%|███████▋  | 43/56 [00:47<00:15,  1.20s/day]
causality days:  79%|███████▊  | 44/56 [00:48<00:13,  1.14s/day]
causality days:  80%|████████  | 45/56 [00:48<00:10,  1.06day/s]
causality days:  82%|████████▏ | 46/56 [00:48<00:07,  1.32day/s]
causality days:  84%|████████▍ | 47/56 [00:48<00:05,  1.68day/s]
causality days:  86%|████████▌ | 48/56 [00:49<00:04,  1.91day/s]
causality days:  88%|████████▊ | 49/56 [00:54<00:12,  1.73s/day]
causality days:  89%|████████▉ | 50/56 [00:54<00:08,  1.39s/day]
causality days:  91%|█████████ | 51/56 [00:55<00:05,  1.12s/day]
causality days:  93%|█████████▎| 52/56 [00:55<00:03,  1.18day/s]
causality days:  95%|█████████▍| 53/56 [00:55<00:02,  1.46day/s]
causality days:  98%|█████████▊| 55/56 [01:00<00:01,  1.45s/day]
causality days: 100%|██████████| 56/56 [01:00<00:00,  1.24s/day]
causality days: 100%|██████████| 56/56 [01:00<00:00,  1.09s/day]
{
  "days": 56,
  "decision_states": 224,
  "workers": 6,
  "max_plan_diff_kwh": 0.0,
  "all_pass": true,
  "wall_seconds": 60.95665933999999
}
