RIDGE selected 1000000.0 0.00625 159.77827177807958
CALIB step=0 grid0=[0.45,0.9] best=(0.6,0.55) edge=[]
ROLLING-VAL best 0.6 0.6 410056.652035813
CALIBRATED {'alpha0': 0.6, 'alpha_update': 0.6, 'window': 28, 'decay_days': 14.0, 'bias_window': 6, 'bias_decay': 6.0, 'slope': 1000000.0, 'weekday': 0.00625, 'eta': 0.9, 'capacity': 12000.0, 'power': 5000.0, 'emergency': 5.0, 'up': 1.5, 'down': 0.5, 'settlements': 'net_refund', 'terminal': 'inventory_value', 'target': 0.5, 'horizon': 'rolling24', 'reserve': 0.0, 'correction': 1.0, 'forecast_scale': 1.0, 'threshold': 0.0, 'interpolate': 'linear', 'epsilon': 1e-07, 'lam_delta': 0.0} elapsed 50.70115303993225
STABILITY 0.45 0.5 13559183
STABILITY 0.45 0.55 13488114
STABILITY 0.45 0.6 13447654
STABILITY 0.45 0.65 13438068
STABILITY 0.45 0.7 13464997
STABILITY 0.45 0.75 13521535
STABILITY 0.45 0.8 13615542
STABILITY 0.5 0.5 13528312
STABILITY 0.5 0.55 13457354
STABILITY 0.5 0.6 13415339
STABILITY 0.5 0.65 13403110
STABILITY 0.5 0.7 13424244
STABILITY 0.5 0.75 13477561
STABILITY 0.5 0.8 13565718
STABILITY 0.55 0.5 13509010
STABILITY 0.55 0.55 13437622
STABILITY 0.55 0.6 13394423
STABILITY 0.55 0.65 13378062
STABILITY 0.55 0.7 13396021
STABILITY 0.55 0.75 13445539
STABILITY 0.55 0.8 13528986
STABILITY 0.6 0.5 13501808
STABILITY 0.6 0.55 13428941
STABILITY 0.6 0.6 13386165
STABILITY 0.6 0.65 13369201
STABILITY 0.6 0.7 13382764
STABILITY 0.6 0.75 13426742
STABILITY 0.6 0.8 13502597
STABILITY 0.65 0.5 13517439
STABILITY 0.65 0.55 13439030
STABILITY 0.65 0.6 13392235
STABILITY 0.65 0.65 13373585
STABILITY 0.65 0.7 13381533
STABILITY 0.65 0.75 13419250
STABILITY 0.65 0.8 13488634
STABILITY 0.7 0.5 13546165
STABILITY 0.7 0.55 13464126
STABILITY 0.7 0.6 13411665
STABILITY 0.7 0.65 13387890
STABILITY 0.7 0.7 13392335
STABILITY 0.7 0.75 13424575
STABILITY 0.7 0.8 13488023
STABILITY 0.75 0.5 13598657
STABILITY 0.75 0.55 13514303
STABILITY 0.75 0.6 13456428
STABILITY 0.75 0.65 13425230
STABILITY 0.75 0.7 13423251
STABILITY 0.75 0.75 13448349
STABILITY 0.75 0.8 13503861
STABILITY 0.8 0.5 13674477
STABILITY 0.8 0.55 13590562
STABILITY 0.8 0.6 13530341
STABILITY 0.8 0.65 13491448
STABILITY 0.8 0.7 13478839
STABILITY 0.8 0.75 13491938
STABILITY 0.8 0.8 13541499
STABILITY 0.85 0.5 13783920
STABILITY 0.85 0.55 13697221
STABILITY 0.85 0.6 13633207
STABILITY 0.85 0.65 13591494
STABILITY 0.85 0.7 13571406
STABILITY 0.85 0.75 13574880
STABILITY 0.85 0.8 13607863
STABILITY 0.9 0.5 13931999
STABILITY 0.9 0.55 13847092
STABILITY 0.9 0.6 13781175
STABILITY 0.9 0.65 13734606
STABILITY 0.9 0.7 13707574
STABILITY 0.9 0.75 13700882
STABILITY 0.9 0.8 13722180
STABILITY full-superior fraction 1.0 stable neighbourhood fraction 0.14285714285714285 interior True
ABLATION none 14865248.283935003
ABLATION 18 13795378.163468396
ABLATION 12 14013065.248659018
ABLATION 12+18 13643420.337260792
ABLATION 6 14302115.826218637
ABLATION 6+18 13599400.648779154
ABLATION 6+12 13764257.959994849
ABLATION 6+12+18 13386086.284126006
SENSITIVITY alpha0=0.45 13447571.100267138
SENSITIVITY alpha0=0.5 13415256.472854681
SENSITIVITY alpha0=0.55 13394340.878919907
SENSITIVITY alpha0=0.65 13392171.288577685
SENSITIVITY alpha0=0.7 13411613.772871964
SENSITIVITY alpha0=0.75 13456390.387859011
SENSITIVITY alpha0=0.8 13530319.910218952
SENSITIVITY alpha0=0.85 13633202.597324625
SENSITIVITY alpha0=0.9 13781193.050646212
SENSITIVITY alpha_update=0.5 13501726.683731748
SENSITIVITY alpha_update=0.55 13428858.985165225
SENSITIVITY alpha_update=0.65 13369130.749252021
SENSITIVITY alpha_update=0.7 13382711.080995044
SENSITIVITY alpha_update=0.75 13426742.642298069
SENSITIVITY alpha_update=0.8 13502639.537928693
SENSITIVITY eta=0.85 13863927.398856744
SENSITIVITY eta=0.9486832980505138 12935522.71851483
SENSITIVITY eta=0.95 12922451.265578587
SENSITIVITY capacity=9600.0 14033813.473067518
SENSITIVITY capacity=14400.0 12833227.052226432
SENSITIVITY power=4000.0 13517028.23268017
SENSITIVITY power=6000.0 13345997.424805729
SENSITIVITY window=14 13431892.959174713
SENSITIVITY window=56 13448099.61903614
SENSITIVITY decay_days=7.0 13375230.108058672
SENSITIVITY decay_days=28.0 13402530.502136707
SENSITIVITY bias_window=3 13464414.1414701
SENSITIVITY bias_window=12 13353956.458425138
SENSITIVITY bias_decay=3.0 13402550.362005226
SENSITIVITY bias_decay=12.0 13399403.353211716
SENSITIVITY slope=0.2 13339254.778577019
SENSITIVITY slope=3.2 13317408.940549217
SENSITIVITY weekday=0.0125 13384724.017922651
SENSITIVITY weekday=0.1 13472607.563277893
SENSITIVITY reserve=0.25 13391209.039801441
SENSITIVITY reserve=0.5 13401499.88865723
SENSITIVITY up=1.2 13243829.618213572
SENSITIVITY up=1.8 13528390.45467307
SENSITIVITY emergency=3.0 13261555.609855244
SENSITIVITY emergency=7.0 13510616.958396764
SENSITIVITY forecast_scale=0.9 13356741.450089935
SENSITIVITY forecast_scale=1.1 13444104.273895454
SENSITIVITY correction=0.0 13596306.828238374
SENSITIVITY threshold=20.0 13429842.595937435
SENSITIVITY threshold=100.0 13429784.66738936
SENSITIVITY interpolate=hold 13430338.236437252
SENSITIVITY epsilon=1e-08 13386086.284126006
SENSITIVITY epsilon=1e-06 13386086.284126006
SENSITIVITY settlements=legacy_gross 13448630.15257255
SENSITIVITY settlements=stepwise 13555574.641220782
SENSITIVITY terminal=fixed_target 13369439.509299494
SENSITIVITY horizon=day 13396279.525734622
COMPLETE {'causality_future_perturbation_max_diff': 0.0, 'cross_midnight_horizon_uses_published_nextday_forecast': True, 'balance_max_error': 1.4210854715202004e-13, 'soc_dynamics_max_error': 9.094947017729282e-13, 'soc_min': 1200.0, 'soc_max': 10800.0, 'cross_day_soc_max_gap': 0.0, 'main_down_kwh': 715987.0182991556, 'main_up_kwh': 606724.0361670256, 'legacy_down_kwh': 0.0, 'stepwise_cost_minus_net': 169488.35709477589, 'dates': 334, 'interval_rows': 48096, 'optimization_horizon': 'rolling24', 'alpha0_interior': True, 'alpha_update_interior': True, 'fraction_full_beats_none': 1.0, 'all_assertions_passed': True, 'elapsed_seconds': 1011.533518075943, 'python': '3.13.12', 'scipy': '1.18.1'}
