=== A 发布时点开关矩阵 ===
  A 发布时点 | 不更新: 现金 15,278,751 库存校正 15,277,271 应急 287,320 弃电 1,843,771 (55s)
  A 发布时点 | 6:00: 现金 15,014,955 库存校正 15,013,600 应急 253,597 弃电 1,446,110 (122s)
  A 发布时点 | 12:00: 现金 14,799,995 库存校正 14,798,640 应急 249,234 弃电 1,413,211 (127s)
  A 发布时点 | 18:00: 现金 14,554,743 库存校正 14,553,389 应急 146,969 弃电 1,650,988 (126s)
  A 发布时点 | 6:00+12:00: 现金 14,508,847 库存校正 14,507,492 应急 175,398 弃电 1,316,148 (182s)
  A 发布时点 | 6:00+18:00: 现金 14,152,367 库存校正 14,151,012 应急 65,301 弃电 1,441,618 (182s)
  A 发布时点 | 12:00+18:00: 现金 14,323,951 库存校正 14,322,596 应急 138,930 弃电 1,408,338 (187s)
  A 发布时点 | 6:00+12:00+18:00: 现金 14,029,554 库存校正 14,028,199 应急 64,759 弃电 1,311,084 (247s)
=== B 信息更新拆分 ===
  B 信息更新 | 只更新光伏（关负荷日内校正）: 现金 14,247,232 库存校正 14,245,878 应急 110,219 弃电 1,342,434 (245s)
  B 信息更新 | 只更新负荷（光伏用 0:00 版本）: 现金 14,310,188 库存校正 14,308,833 应急 94,159 弃电 1,618,083 (243s)
  B 信息更新 | 两者都不更新: 现金 14,508,671 库存校正 14,507,316 应急 141,787 弃电 1,614,111 (245s)
  B 信息更新 | 关闭电价日内偏差校正: 现金 14,030,982 库存校正 14,029,627 应急 64,803 弃电 1,311,912 (248s)
=== C 结算口径敏感性 ===
  C 结算口径 | 旧口径：原费照付＋罚金: 现金 14,059,155 库存校正 14,057,802 应急 58,899 弃电 1,644,348 (231s)
  C 结算口径 | 逐次调整分别计费: 现金 13,460,722 库存校正 13,459,368 应急 64,759 弃电 1,311,084 (251s)
=== D 物理参数压力（冻结策略）===
  D 物理参数 | 容量 9600 kWh: 现金 14,659,167 库存校正 14,658,183 应急 71,968 弃电 1,537,802 (251s)
  D 物理参数 | 容量 14400 kWh: 现金 13,486,714 库存校正 13,484,724 应急 55,978 弃电 1,125,704 (248s)
  D 物理参数 | 功率 4500 kW: 现金 14,061,097 库存校正 14,059,797 应急 65,031 弃电 1,314,944 (250s)
  D 物理参数 | 功率 5500 kW: 现金 14,015,937 库存校正 14,014,273 应急 66,509 弃电 1,304,813 (246s)
  D 物理参数 | 效率 0.85: 现金 14,495,872 库存校正 14,494,574 应急 62,845 弃电 1,244,457 (258s)
  D 物理参数 | 效率 0.95: 现金 13,577,712 库存校正 13,576,188 应急 67,554 弃电 1,370,060 (238s)
=== E 经验参数扰动：1 月窗口 ΔC/Δθ ===
  temper -20%: 适应度 458,564.0（-5.3）
  temper +20%: 适应度 458,811.2（+241.9）
  shrink_net -20%: 适应度 458,359.7（-209.6）
  shrink_net +20%: 适应度 459,812.9（+1,243.6）
  shrink_price -20%: 适应度 458,694.2（+124.9）
  shrink_price +20%: 适应度 458,953.3（+384.0）
  kappa -20%: 适应度 460,253.1（+1,683.8）
  kappa +20%: 适应度 459,054.1（+484.8）
  threshold -20%: 适应度 458,825.4（+256.1）
  threshold +20%: 适应度 458,569.3（+0.0）
  adj_premium -20%: 适应度 460,290.0（+1,720.7）
  adj_premium +20%: 适应度 460,883.5（+2,314.2）
=== E 最敏感的三项做全年复核 ===
  E 经验参数（全年） | adj_premium +20%: 现金 14,014,955 库存校正 14,013,600 应急 60,369 弃电 1,331,874 (259s)
  E 经验参数（全年） | adj_premium -20%: 现金 14,031,281 库存校正 14,029,925 应急 68,367 弃电 1,295,605 (230s)
  E 经验参数（全年） | kappa -20%: 现金 14,043,109 库存校正 14,044,470 应急 69,408 弃电 1,302,760 (250s)
=== F 情景削减：多种子与有效情景数 ===
  seed=0 适应度 458,569.3 有效情景数 10.86 最小权重 0.0570
  seed=1 适应度 458,569.3 有效情景数 10.83 最小权重 0.0571
  seed=2 适应度 458,569.3 有效情景数 10.85 最小权重 0.0570
  seed=3 适应度 458,569.3 有效情景数 10.78 最小权重 0.0573
  seed=4 适应度 458,569.3 有效情景数 10.78 最小权重 0.0570
  跨种子适应度 均值 458,569.3 标准差 0.0
=== 全部完成 ===
