  [Q4-2] alpha=0.400 训练适应度=591,038.3
  [Q4-2] alpha=0.425 训练适应度=571,670.4
  [Q4-2] alpha=0.450 训练适应度=553,405.2
  [Q4-2] alpha=0.475 训练适应度=535,851.9
  [Q4-2] alpha=0.500 训练适应度=520,977.2
  [Q4-2] alpha=0.525 训练适应度=508,965.6
  [Q4-2] alpha=0.550 训练适应度=499,262.9
  [Q4-2] alpha=0.575 训练适应度=492,317.0
  [Q4-2] alpha=0.600 训练适应度=486,426.9
  [Q4-2] alpha=0.625 训练适应度=482,939.3
  [Q4-2] alpha=0.650 训练适应度=480,770.1
  [Q4-2] alpha=0.675 训练适应度=479,390.1
  [Q4-2] alpha=0.700 训练适应度=480,010.9
  [Q4-2] alpha=0.725 训练适应度=481,598.4
  [Q4-2] alpha=0.750 训练适应度=484,114.5
  [Q4-2] alpha=0.775 训练适应度=487,278.4
  [Q4-2] alpha=0.800 训练适应度=492,224.1
  [Q4-2] alpha=0.825 训练适应度=498,889.3
  [Q4-2] alpha=0.850 训练适应度=506,788.0
  [Q4-2] alpha=0.875 训练适应度=516,474.9
  [Q4-2] alpha=0.900 训练适应度=529,342.1
  [Q4-2] 选中 alpha=0.675（网格内部=True），训练适应度 479,390.1；第三问沿用值 α=0.60 为 486,426.9
  [Q4-3] alpha=0.400 训练适应度=482,499.9
  [Q4-3] alpha=0.425 训练适应度=477,294.4
  [Q4-3] alpha=0.450 训练适应度=472,712.4
  [Q4-3] alpha=0.475 训练适应度=469,435.9
  [Q4-3] alpha=0.500 训练适应度=466,410.6
  [Q4-3] alpha=0.525 训练适应度=464,559.6
  [Q4-3] alpha=0.550 训练适应度=463,177.3
  [Q4-3] alpha=0.575 训练适应度=462,331.2
  [Q4-3] alpha=0.600 训练适应度=462,034.4
  [Q4-3] alpha=0.625 训练适应度=463,018.7
  [Q4-3] alpha=0.650 训练适应度=464,392.6
  [Q4-3] alpha=0.675 训练适应度=466,393.4
  [Q4-3] alpha=0.700 训练适应度=468,813.0
  [Q4-3] alpha=0.725 训练适应度=471,497.3
  [Q4-3] alpha=0.750 训练适应度=474,759.8
  [Q4-3] alpha=0.775 训练适应度=478,682.7
  [Q4-3] alpha=0.800 训练适应度=483,187.1
  [Q4-3] alpha=0.825 训练适应度=488,386.6
  [Q4-3] alpha=0.850 训练适应度=494,533.8
  [Q4-3] alpha=0.875 训练适应度=501,900.5
  [Q4-3] alpha=0.900 训练适应度=511,628.7
  [Q4-3] 选中 alpha=0.600（网格内部=True），训练适应度 462,034.4；第三问沿用值 α=0.60 为 462,034.4
Q4-2 初始最优在边界的参数: 无
Q4-3 初始最优在边界的参数: ['shrink_net']
  [GA] gen=0 evals=16 best=459,813.6 mean=481,914.3
  [GA] gen=1 evals=32 best=459,022.4 mean=463,778.2
  [GA] gen=2 evals=48 best=459,022.4 mean=461,744.3
  [GA] gen=3 evals=64 best=458,387.9 mean=460,175.0
  [GA] gen=4 evals=80 best=457,986.9 mean=460,186.9
  [GA] gen=5 evals=96 best=457,986.9 mean=458,963.2
  [GA] gen=6 evals=112 best=457,986.9 mean=458,657.4
  [GA] gen=7 evals=128 best=457,131.2 mean=458,270.8
  [NM] it=0 evals=7 best=457,046.3
  [NM] it=5 evals=23 best=457,046.3
  [NM] it=10 evals=30 best=456,912.9
  [NM] it=15 evals=46 best=456,905.6
  [NM] it=20 evals=54 best=456,905.6
Q4-3 延展后 best=456,873.2 x=[1.252000e+00 2.152000e-01 4.857000e-01 9.885000e-01 4.266947e+02
 1.116200e+00] 仍在边界: 无 (2340s)
选参已更新，请运行 q4_finalize.py 重建全部下游账本
