=== 重跑样本外全部分支 ===
  B0 分位法 α=0.60（沿用第三问标定） [Q4-3]: adj=14,145,416.1 emg=70,828 16s
  B1 分位法+当作固定分时电价 [Q4-3]: adj=14,176,068.0 emg=57,410 16s
  H3 HYBRID-4L（联合情景随机 LP·主策略） [Q4-3]: adj=14,028,199.2 emg=64,759 248s
  U3 主策略+完美电价 [Q4-3]: adj=13,919,168.4 emg=65,363 246s
  W3 滚动视野完美信息对照 [Q4-3]: adj=12,830,984.6 emg=0 15s
  A3 HYBRID 不做日内更新 [Q4-3]: adj=15,277,271.3 emg=287,320 56s
  X3 1月无约束最优（shrink 超出建模含义范围·未采纳） [Q4-3]: adj=14,210,031.7 emg=109,266 249s
  B0 分位法 α=0.60（沿用第三问标定） [Q4-2]: adj=15,585,897.8 emg=370,073 4s
  M2 分位法 α=0.675（1 月重标定·主策略） [Q4-2]: adj=15,127,539.7 emg=247,080 4s
  B1 分位法+当作固定分时电价 [Q4-2]: adj=15,177,074.4 emg=235,842 4s
  H2 HYBRID-4L（联合情景随机 LP） [Q4-2]: adj=15,152,826.4 emg=221,557 56s
  U2 主策略+完美电价 [Q4-2]: adj=15,054,879.1 emg=255,688 4s
  W2 滚动视野完美信息对照 [Q4-2]: adj=12,841,236.3 emg=0 3s
  q4_3 逐笔交易 12586 条
  q4_2 逐笔交易 0 条
  Q4-2 M2 分位法 α 重标定 vs B0 分位法 α=0.60 [块长 7]: CVaR95 -5939.9 元，CI [-9549, -1785]，P(更差)=0.001
  Q4-2 M2 分位法 α 重标定 vs B0 分位法 α=0.60 [块长 14]: CVaR95 -5939.9 元，CI [-9868, -1843]，P(更差)=0.001
  Q4-2 M2 分位法 α 重标定 vs B0 分位法 α=0.60 [块长 28]: CVaR95 -5939.9 元，CI [-10190, -2555]，P(更差)=0.000
  Q4-2 H2 HYBRID vs M2 主策略 [块长 7]: CVaR95 +1306.2 元，CI [-1326, +5636]，P(更差)=0.837
  Q4-2 H2 HYBRID vs M2 主策略 [块长 14]: CVaR95 +1306.2 元，CI [-936, +5559]，P(更差)=0.896
  Q4-2 H2 HYBRID vs M2 主策略 [块长 28]: CVaR95 +1306.2 元，CI [-974, +6151]，P(更差)=0.898
  Q4-3 H3 HYBRID 主策略 vs B0 分位法 α=0.60 [块长 7]: CVaR95 -537.5 元，CI [-1404, +644]，P(更差)=0.141
  Q4-3 H3 HYBRID 主策略 vs B0 分位法 α=0.60 [块长 14]: CVaR95 -537.5 元，CI [-1565, +879]，P(更差)=0.185
  Q4-3 H3 HYBRID 主策略 vs B0 分位法 α=0.60 [块长 28]: CVaR95 -537.5 元，CI [-1633, +1427]，P(更差)=0.229
  variant_id = Q4-662bfd37e8
=== 重建完成，用时 15.4 分钟 ===
全期 LP 规模：48,096 段 × 6 变量 = 288,576 变量
  Q4-2（起始库存 5,206.5 kWh）现金下界 = 12,781,203.22 元，库存校正 = 12,782,823.86 元，紧急 0.0 kWh，6s
  Q4-3（起始库存 5,280.4 kWh）现金下界 = 12,781,176.26 元，库存校正 = 12,782,827.41 元，紧急 0.0 kWh，5s
problem    cash_cost  adjusted_cost  emergency_kwh     spill_kwh
   Q4-2 1.278120e+07   1.278282e+07            0.0 990168.090312
   Q4-3 1.278118e+07   1.278283e+07            0.0 990168.090312
result4-2.xlsx: sheets=['计划购电量', '充放电量', '紧急购电量'] rows=[335, 2005, 599] selected_rows=(32,32,5)
result4-3.xlsx: sheets=['计划购电量', '调整购电量', '充放电量', '紧急购电量'] rows=[335, 335, 2005, 534] selected_rows=(32,32,7)
variant_id Q4-662bfd37e8
  因果性 2025-05-01 00:00 最大计划差 0.000e+00 kWh
  因果性 2025-05-01 06:00 最大计划差 0.000e+00 kWh
  因果性 2025-05-01 12:00 最大计划差 0.000e+00 kWh
  因果性 2025-05-01 18:00 最大计划差 0.000e+00 kWh
  因果性 2025-07-20 00:00 最大计划差 0.000e+00 kWh
  因果性 2025-07-20 06:00 最大计划差 0.000e+00 kWh
  因果性 2025-07-20 12:00 最大计划差 0.000e+00 kWh
  因果性 2025-07-20 18:00 最大计划差 0.000e+00 kWh
  因果性 2025-10-28 00:00 最大计划差 0.000e+00 kWh
  因果性 2025-10-28 06:00 最大计划差 0.000e+00 kWh
  因果性 2025-10-28 12:00 最大计划差 0.000e+00 kWh
  因果性 2025-10-28 18:00 最大计划差 0.000e+00 kWh
{
  "q4_2": {
    "cost": 2.5990884751081467e-05,
    "balance": 1.333333443653828e-06,
    "soc": 1.4444451217343612e-06,
    "power": 0.0,
    "price": 0.0
  },
  "q4_2_pass": true,
  "q4_2_sheet_plan_max_diff": 0.0,
  "q4_3": {
    "cost": 1.7278871382586658e-05,
    "balance": 1.333333365494127e-06,
    "soc": 1.444445146603357e-06,
    "power": 0.0,
    "price": 0.0
  },
  "q4_3_pass": true,
  "q4_3_sheet_plan_max_diff": 0.0,
  "q4_3_sheet_adjusted_max_diff": 0.0,
  "causality_by_issue": [
    {
      "date": "2025-05-01",
      "issue": 0,
      "max_plan_diff_kwh": 0.0,
      "passed": true
    },
    {
      "date": "2025-05-01",
      "issue": 6,
      "max_plan_diff_kwh": 0.0,
      "passed": true
    },
    {
      "date": "2025-05-01",
      "issue": 12,
      "max_plan_diff_kwh": 0.0,
      "passed": true
    },
    {
      "date": "2025-05-01",
      "issue": 18,
      "max_plan_diff_kwh": 0.0,
      "passed": true
    },
    {
      "date": "2025-07-20",
      "issue": 0,
      "max_plan_diff_kwh": 0.0,
      "passed": true
    },
    {
      "date": "2025-07-20",
      "issue": 6,
      "max_plan_diff_kwh": 0.0,
      "passed": true
    },
    {
      "date": "2025-07-20",
      "issue": 12,
      "max_plan_diff_kwh": 0.0,
      "passed": true
    },
    {
      "date": "2025-07-20",
      "issue": 18,
      "max_plan_diff_kwh": 0.0,
      "passed": true
    },
    {
      "date": "2025-10-28",
      "issue": 0,
      "max_plan_diff_kwh": 0.0,
      "passed": true
    },
    {
      "date": "2025-10-28",
      "issue": 6,
      "max_plan_diff_kwh": 0.0,
      "passed": true
    },
    {
      "date": "2025-10-28",
      "issue": 12,
      "max_plan_diff_kwh": 0.0,
      "passed": true
    },
    {
      "date": "2025-10-28",
      "issue": 18,
      "max_plan_diff_kwh": 0.0,
      "passed": true
    }
  ],
  "causality_max_plan_diff_kwh": 0.0,
  "causality_pass": true,
  "all_pass": true
}
