=== L2′ 终端价值形状（一次 Bellman 回代）===
  shape [1.2394 1.2257 1.2118 1.1984 1.1835 1.1657 1.1347 1.0979]
  预热 q4_2: 2/1 初始库存 = 5206.48 kWh
  预热 q4_3: 2/1 初始库存 = 5280.43 kWh
=== 情景数（SAA）收敛扫描 ===
  Q4-3 S= 6 训练适应度=460,973.8 (7s)
  Q4-2 S= 6 训练适应度=495,177.2 (1s)
  Q4-3 S= 8 训练适应度=458,524.1 (10s)
  Q4-2 S= 8 训练适应度=486,676.1 (2s)
  Q4-3 S=10 训练适应度=460,428.0 (12s)
  Q4-2 S=10 训练适应度=486,721.7 (3s)
  Q4-3 S=12 训练适应度=457,915.4 (16s)
  Q4-2 S=12 训练适应度=483,020.4 (4s)
  Q4-3 S=16 训练适应度=458,171.9 (21s)
  Q4-2 S=16 训练适应度=483,047.9 (5s)
  Q4-3 S=20 训练适应度=458,066.9 (27s)
  Q4-2 S=20 训练适应度=482,326.3 (7s)
=== L3 参数寻优（严格因果：仅 1 月三个验证块）===
  对照基线训练适应度 Q4-3 462,034.4 / Q4-2 486,426.9
  [GA] gen=0 evals=16 best=461,823.9 mean=467,528.1
  [GA] gen=1 evals=32 best=460,768.5 mean=463,470.9
  [GA] gen=2 evals=48 best=460,032.2 mean=462,631.5
  [GA] gen=3 evals=64 best=458,981.1 mean=461,379.5
  [GA] gen=4 evals=80 best=458,981.1 mean=460,974.5
  [GA] gen=5 evals=96 best=458,981.1 mean=460,554.2
  [GA] gen=6 evals=112 best=458,816.0 mean=460,075.2
  [GA] gen=7 evals=128 best=458,816.0 mean=459,954.5
  [Q4-3] GA best=458,695.0 x=[  0.4781   0.55     0.7431   1.0728 229.7783   1.2123] (1135s)
  [NM] it=0 evals=7 best=458,695.0
  [NM] it=5 evals=13 best=458,695.0
  [NM] it=10 evals=27 best=458,695.0
  [NM] it=15 evals=34 best=458,695.0
  [NM] it=20 evals=42 best=458,649.1
  [NM] it=25 evals=51 best=458,576.8
  [Q4-3] NM best=458,569.3 x=[  0.4732   0.55     0.7621   1.0584 237.0897   1.2342] (1015s)
  选定 Q4-3: {'temper': 0.4732077236080887, 'shrink_net': 0.55, 'shrink_price': 0.7620649739917784, 'kappa': 1.0583818144215367, 'threshold': 237.0896789891042, 'adj_premium': 1.2342410281042373}  训练适应度 458,569.3
  [GA] gen=0 evals=16 best=496,246.9 mean=499,553.4
  [GA] gen=1 evals=32 best=496,246.9 mean=498,278.3
  [GA] gen=2 evals=48 best=496,246.9 mean=497,377.6
  [GA] gen=3 evals=64 best=496,177.3 mean=497,154.7
  [GA] gen=4 evals=80 best=495,807.5 mean=496,719.1
  [GA] gen=5 evals=96 best=495,807.5 mean=496,401.7
  [GA] gen=6 evals=112 best=495,785.4 mean=496,303.6
  [GA] gen=7 evals=128 best=495,785.4 mean=496,216.1
  [Q4-2] GA best=495,785.4 x=[1.0516 0.6673] (251s)
  [NM] it=0 evals=3 best=495,785.4
  [NM] it=5 evals=15 best=495,785.4
  [NM] it=10 evals=26 best=495,772.7
  [NM] it=15 evals=39 best=495,757.5
  [Q4-2] NM best=495,754.9 x=[1.0526 0.681 ] (159s)
  选定 Q4-2: {'temper': 1.0525770480308663, 'kappa': 0.6810332248551098}  训练适应度 495,754.9
=== 样本外全年回测 2025-02-01 — 12-31 ===
  B0 分位法+点预测电价（基线）: adj=14,145,416.1 emg=70,828 16s
  B1 分位法+当作固定分时电价: adj=14,176,068.0 emg=57,410 16s
  H3 HYBRID-4L（联合情景随机 LP）: adj=14,028,199.2 emg=64,759 256s
  U3 完美价格预见（上界）: adj=13,919,168.4 emg=65,363 257s
  A3 HYBRID 不做日内更新: adj=15,277,271.3 emg=287,320 58s
  B0 分位法+点预测电价（基线）: adj=15,585,897.8 emg=370,073 4s
  B1 分位法+当作固定分时电价: adj=15,634,157.3 emg=354,687 4s
  H2 HYBRID-4L（联合情景随机 LP）: adj=15,152,826.4 emg=221,557 55s
  U2 完美价格预见（上界）: adj=15,060,668.9 emg=236,622 56s
  W2 完美价格+完美净负荷（全知下界）: adj=12,841,236.3 emg=0 3s
  W3 完美价格+完美净负荷（全知下界）: adj=12,830,984.6 emg=0 15s
--- Q4-2 逐月 ---
 month     baseline       hybrid       saving  saving_percent
     2 1.332117e+06 1.321814e+06 10302.711247        0.773409
     3 1.209968e+06 1.205746e+06  4221.991529        0.348934
     4 1.000867e+06 9.708753e+05 29991.606886        2.996563
     5 1.062812e+06 1.010633e+06 52178.307625        4.909460
     6 1.513315e+06 1.420795e+06 92520.524409        6.113763
     7 2.043386e+06 2.012414e+06 30972.046711        1.515722
     8 1.469181e+06 1.443291e+06 25889.680474        1.762185
     9 1.260754e+06 1.194868e+06 65886.280745        5.225943
    10 1.251693e+06 1.183697e+06 67996.440772        5.432356
    11 1.391941e+06 1.355460e+06 36480.109938        2.620809
    12 2.049864e+06 2.033232e+06 16631.788006        0.811361
--- Q4-3 逐月 ---
 month     baseline       hybrid       saving  saving_percent
     2 1.265559e+06 1.255935e+06  9624.756533        0.760514
     3 1.100781e+06 1.099523e+06  1257.677853        0.114253
     4 8.969219e+05 8.925952e+05  4326.691549        0.482393
     5 9.433082e+05 9.505258e+05 -7217.535957       -0.765130
     6 1.367754e+06 1.345821e+06 21933.331449        1.603602
     7 1.705856e+06 1.701821e+06  4035.092362        0.236544
     8 1.404448e+06 1.380733e+06 23715.158248        1.688575
     9 1.144579e+06 1.127138e+06 17441.153114        1.523805
    10 1.123374e+06 1.114113e+06  9261.094677        0.824400
    11 1.307910e+06 1.296389e+06 11521.055664        0.880875
    12 1.884924e+06 1.863606e+06 21318.426045        1.130997
problem  VSS_stochastic_value    EVPI_price  value_of_net_load_info
   Q4-2         433071.488341  92157.418464            2.219433e+06
   Q4-3         117216.901537 109030.841913            1.088184e+06
  Q4-2 CVaR95 差 -4633.8 元，95% CI [-7372, -419]，P(更差)=0.011
  Q4-3 CVaR95 差 -537.5 元，95% CI [-1390, +649]，P(更差)=0.153
=== 完成，用时 57.0 分钟 ===
