Regression checks passed; starting 334-day stepwise rerun
{
  "detail_invariance_stepwise_0": 0.0,
  "detail_invariance_stepwise_1e+12": 0.0,
  "detail_invariance_net_refund_0": 0.0,
  "detail_invariance_net_refund_1e+12": 0.0,
  "empirical_cvar_and_block_sampling": "passed",
  "stepwise_ledger_daily_max_error": 3.637978807091713e-12,
  "stepwise_ge_net_for_same_plan": true,
  "stepwise_days": 334,
  "stepwise_transactions": 11586,
  "fixed_main_plan_stepwise_cash": 14097320.995098805,
  "fixed_main_plan_stepwise_adjusted": 14095966.229355518,
  "fixed_main_plan_stepwise_minus_net": 67766.99015980435,
  "rerun_stepwise_summary": {
    "block": "C 结算口径",
    "case": "逐次调整分别计费",
    "changed": "settlements='stepwise'; prior accepted plan as baseline; billing independent of detail",
    "seconds": 239.36317992210388,
    "total_cost": 14080126.497390993,
    "adjusted_cost": 14078771.731647518,
    "plan_cost": 13114911.650639562,
    "up_cost": 820579.6386289157,
    "down_net_cost": -199677.31060585842,
    "emergency_cost": 344312.51872837404,
    "emergency_kwh": 64625.95316621511,
    "up_kwh": 613585.8852791707,
    "down_kwh": 520116.11557568633,
    "charge_kwh": 6575490.262733769,
    "discharge_kwh": 5323191.658324137,
    "spill_kwh": 1312397.331893317,
    "plan_kwh": 20345789.708399914,
    "equivalent_cycles": 221.7996524301724,
    "cvar95": 75012.56331572268,
    "top17_mean": 74959.32622475422,
    "max_daily": 81582.84876676732,
    "daily_std": 18634.955004497904,
    "final_soc": 8564.267488462881
  }
}
